1 5 7 
0 1 7 
8 
3 
0 2 7 
1 5 6 7 8 
0 1 2 3 4 5 6 7 8 
0 1 2 3 4 5 6 8 
0 3 4 5 8 9 
0 5 6 7 8 
6 12 13 15 22 24 30 31 45 46 49 
4 7 11 13 20 27 29 30 34 35 36 
3 12 13 18 20 21 23 24 30 31 33 36 37 39 50 52 
0 2 4 7 9 13 14 17 19 21 23 25 32 33 35 39 42 43 44 46 
7 14 15 
4 6 35 167 212 328 
68 264 355 
8 11 18 23 28 34 40 46 53 56 57 63 72 102 116 120 121 123 135 141 142 176 177 216 230 243 247 248 257 269 271 278 280 286 292 308 310 324 331 352 363 
92 157 171 200 331 
45 52 54 169 234 252 319 346 407 
4 5 8 
